Release 10.1.03 - xst K.39 (lin64)
Copyright (c) 1995-2008 Xilinx, Inc.  All rights reserved.
--> 
Parameter TMPDIR set to /afs/athena.mit.edu/user/m/a/magson/Documents/6111/6111work/Labs/Lab3/xst/projnav.tmp


Total REAL time to Xst completion: 0.00 secs
Total CPU time to Xst completion: 0.02 secs
 
--> 
Parameter xsthdpdir set to /afs/athena.mit.edu/user/m/a/magson/Documents/6111/6111work/Labs/Lab3/xst


Total REAL time to Xst completion: 0.00 secs
Total CPU time to Xst completion: 0.02 secs
 
--> 
Reading design: lab3.prj

TABLE OF CONTENTS
  1) Synthesis Options Summary
  2) HDL Compilation
  3) Design Hierarchy Analysis
  4) HDL Analysis
  5) HDL Synthesis
     5.1) HDL Synthesis Report
  6) Advanced HDL Synthesis
     6.1) Advanced HDL Synthesis Report
  7) Low Level Synthesis
  8) Partition Report
  9) Final Report
     9.1) Device utilization summary
     9.2) Partition Resource Summary
     9.3) TIMING REPORT


=========================================================================
*                      Synthesis Options Summary                        *
=========================================================================
---- Source Parameters
Input File Name                    : "lab3.prj"
Input Format                       : mixed
Ignore Synthesis Constraint File   : NO

---- Target Parameters
Output File Name                   : "lab3"
Output Format                      : NGC
Target Device                      : xc2v6000-4-bf957

---- Source Options
Top Module Name                    : lab3
Automatic FSM Extraction           : YES
FSM Encoding Algorithm             : Auto
Safe Implementation                : No
FSM Style                          : lut
RAM Extraction                     : Yes
RAM Style                          : Auto
ROM Extraction                     : Yes
Mux Style                          : Auto
Decoder Extraction                 : YES
Priority Encoder Extraction        : YES
Shift Register Extraction          : YES
Logical Shifter Extraction         : YES
XOR Collapsing                     : YES
ROM Style                          : Auto
Mux Extraction                     : YES
Resource Sharing                   : YES
Asynchronous To Synchronous        : NO
Multiplier Style                   : auto
Automatic Register Balancing       : No

---- Target Options
Add IO Buffers                     : YES
Global Maximum Fanout              : 500
Add Generic Clock Buffer(BUFG)     : 16
Register Duplication               : YES
Slice Packing                      : YES
Optimize Instantiated Primitives   : NO
Convert Tristates To Logic         : Yes
Use Clock Enable                   : Yes
Use Synchronous Set                : Yes
Use Synchronous Reset              : Yes
Pack IO Registers into IOBs        : auto
Equivalent register Removal        : YES

---- General Options
Optimization Goal                  : Speed
Optimization Effort                : 1
Library Search Order               : lab3.lso
Keep Hierarchy                     : NO
Netlist Hierarchy                  : as_optimized
RTL Output                         : Yes
Global Optimization                : AllClockNets
Read Cores                         : YES
Write Timing Constraints           : NO
Cross Clock Analysis               : NO
Hierarchy Separator                : /
Bus Delimiter                      : <>
Case Specifier                     : maintain
Slice Utilization Ratio            : 100
BRAM Utilization Ratio             : 100
Verilog 2001                       : YES
Auto BRAM Packing                  : NO
Slice Utilization Ratio Delta      : 5

=========================================================================


=========================================================================
*                          HDL Compilation                              *
=========================================================================
Compiling verilog file "sources/lab3.v" in library work
Module <debounce> compiled
Module <lab3> compiled
Module <xvga> compiled
Module <pong_game> compiled
No errors in compilation
Analysis of file <"lab3.prj"> succeeded.
 

=========================================================================
*                     Design Hierarchy Analysis                         *
=========================================================================
Analyzing hierarchy for module <lab3> in library <work>.

Analyzing hierarchy for module <debounce> in library <work>.

Analyzing hierarchy for module <xvga> in library <work>.

Analyzing hierarchy for module <pong_game> in library <work> with parameters.
	PADDLESTART_X = "00000000000000000000000001100100"
	PADDLESTART_Y = "00000000000000000000000100101100"
	PADDLE_HEIGHT = "00000000000000000000000010101000"
	PADDLE_WIDTH = "00000000000000000000000000001010"
	PUCK_RADIUS = "00000000000000000000000000001010"
	PUCK_STARTX = "00000000000000000000000111111111"
	PUCK_STARTY = "00000000000000000000000110000000"
	SCREEN_HEIGHT = "00000000000000000000001011111111"
	SCREEN_WIDTH = "00000000000000000000001111111111"

WARNING:Xst:2591 - "sources/lab3.v" line 339: attribute on instance <CLKFX_DIVIDE> overrides generic/parameter on entity. It is possible that simulator will not take this attribute into account.
WARNING:Xst:2591 - "sources/lab3.v" line 339: attribute on instance <CLKFX_MULTIPLY> overrides generic/parameter on entity. It is possible that simulator will not take this attribute into account.
WARNING:Xst:2591 - "sources/lab3.v" line 339: attribute on instance <CLKIN_PERIOD> overrides generic/parameter on entity. It is possible that simulator will not take this attribute into account.
WARNING:Xst:2591 - "sources/lab3.v" line 339: attribute on instance <CLK_FEEDBACK> overrides generic/parameter on entity. It is possible that simulator will not take this attribute into account.

=========================================================================
*                            HDL Analysis                               *
=========================================================================
Analyzing top module <lab3>.
Module <lab3> is correct for synthesis.
 
    Set user-defined property "CLKDV_DIVIDE =  2.0000000000000000" for instance <vclk1> in unit <lab3>.
    Set user-defined property "CLKFX_DIVIDE =  10" for instance <vclk1> in unit <lab3>.
    Set user-defined property "CLKFX_MULTIPLY =  24" for instance <vclk1> in unit <lab3>.
    Set user-defined property "CLKIN_DIVIDE_BY_2 =  FALSE" for instance <vclk1> in unit <lab3>.
    Set user-defined property "CLKIN_PERIOD =  37.0000000000000000" for instance <vclk1> in unit <lab3>.
    Set user-defined property "CLKOUT_PHASE_SHIFT =  NONE" for instance <vclk1> in unit <lab3>.
    Set user-defined property "CLK_FEEDBACK =  NONE" for instance <vclk1> in unit <lab3>.
    Set user-defined property "DESKEW_ADJUST =  SYSTEM_SYNCHRONOUS" for instance <vclk1> in unit <lab3>.
    Set user-defined property "DFS_FREQUENCY_MODE =  LOW" for instance <vclk1> in unit <lab3>.
    Set user-defined property "DLL_FREQUENCY_MODE =  LOW" for instance <vclk1> in unit <lab3>.
    Set user-defined property "DSS_MODE =  NONE" for instance <vclk1> in unit <lab3>.
    Set user-defined property "DUTY_CYCLE_CORRECTION =  TRUE" for instance <vclk1> in unit <lab3>.
    Set user-defined property "FACTORY_JF =  C080" for instance <vclk1> in unit <lab3>.
    Set user-defined property "PHASE_SHIFT =  0" for instance <vclk1> in unit <lab3>.
    Set user-defined property "SIM_MODE =  SAFE" for instance <vclk1> in unit <lab3>.
    Set user-defined property "STARTUP_WAIT =  FALSE" for instance <vclk1> in unit <lab3>.
    Set user-defined property "INIT =  FFFF" for instance <reset_sr> in unit <lab3>.
Analyzing module <debounce> in library <work>.
Module <debounce> is correct for synthesis.
 
Analyzing module <xvga> in library <work>.
Module <xvga> is correct for synthesis.
 
Analyzing module <pong_game> in library <work>.
	PADDLESTART_X = 32'sb00000000000000000000000001100100
	PADDLESTART_Y = 32'sb00000000000000000000000100101100
	PADDLE_HEIGHT = 32'sb00000000000000000000000010101000
	PADDLE_WIDTH = 32'sb00000000000000000000000000001010
	PUCK_RADIUS = 32'sb00000000000000000000000000001010
	PUCK_STARTX = 32'sb00000000000000000000000111111111
	PUCK_STARTY = 32'sb00000000000000000000000110000000
	SCREEN_HEIGHT = 32'sb00000000000000000000001011111111
	SCREEN_WIDTH = 32'sb00000000000000000000001111111111
Module <pong_game> is correct for synthesis.
 

=========================================================================
*                           HDL Synthesis                               *
=========================================================================

Performing bidirectional port resolution...
INFO:Xst:2561 - Always blocking tristate driving signal <flash_data> in unit <lab3> is removed.
INFO:Xst:2561 - Always blocking tristate driving signal <ram0_data> in unit <lab3> is removed.
INFO:Xst:2561 - Always blocking tristate driving signal <user1> in unit <lab3> is removed.
INFO:Xst:2561 - Always blocking tristate driving signal <user2> in unit <lab3> is removed.
INFO:Xst:2561 - Always blocking tristate driving signal <user3> in unit <lab3> is removed.
INFO:Xst:2561 - Always blocking tristate driving signal <user4> in unit <lab3> is removed.
INFO:Xst:2561 - Always blocking tristate driving signal <ram1_data> in unit <lab3> is removed.
INFO:Xst:2561 - Always blocking tristate driving signal <daughtercard> in unit <lab3> is removed.
INFO:Xst:2561 - Always blocking tristate driving signal <systemace_data> in unit <lab3> is removed.
INFO:Xst:2561 - Always blocking tristate driving signal <tv_in_i2c_data> in unit <lab3> is removed.
INFO:Xst:2679 - Register <paddle_x_next> in unit <pong_game> has a constant value of 0001100100 during circuit operation. The register is replaced by logic.

Synthesizing Unit <debounce>.
    Related source file is "sources/lab3.v".
    Found 1-bit register for signal <clean>.
    Found 20-bit up counter for signal <count>.
    Found 1-bit xor2 for signal <count$xor0000> created at line 20.
    Found 1-bit register for signal <new>.
    Summary:
	inferred   1 Counter(s).
	inferred   2 D-type flip-flop(s).
Unit <debounce> synthesized.


Synthesizing Unit <xvga>.
    Related source file is "sources/lab3.v".
    Found 10-bit up counter for signal <vcount>.
    Found 1-bit register for signal <vsync>.
    Found 11-bit up counter for signal <hcount>.
    Found 1-bit register for signal <blank>.
    Found 1-bit register for signal <hsync>.
    Found 1-bit register for signal <hblank>.
    Found 1-bit register for signal <vblank>.
    Summary:
	inferred   2 Counter(s).
	inferred   5 D-type flip-flop(s).
Unit <xvga> synthesized.


Synthesizing Unit <pong_game>.
    Related source file is "sources/lab3.v".
WARNING:Xst:1780 - Signal <angle> is never used or assigned. This unconnected signal will be trimmed during the optimization process.
    Found 24-bit register for signal <pixel_out>.
    Found 25-bit adder for signal <$add0000> created at line 665.
    Found 25-bit adder for signal <$add0001> created at line 665.
    Found 25-bit adder for signal <$add0002> created at line 665.
    Found 23-bit adder for signal <$add0003> created at line 665.
    Found 25-bit adder for signal <$add0006> created at line 758.
    Found 11x11-bit multiplier for signal <$mult0000> created at line 665.
    Found 11x11-bit multiplier for signal <$mult0001> created at line 665.
    Found 11x11-bit multiplier for signal <$mult0002> created at line 758.
    Found 12-bit subtractor for signal <$sub0000> created at line 631.
    Found 12-bit subtractor for signal <$sub0001> created at line 675.
    Found 12-bit subtractor for signal <$sub0002> created at line 685.
    Found 11-bit adder carry out for signal <add0000$addsub0002> created at line 665.
    Found 11-bit adder carry out for signal <add0000$addsub0003> created at line 665.
    Found 12x12-bit multiplier for signal <add0000$mult0000> created at line 665.
    Found 12x12-bit multiplier for signal <add0000$mult0001> created at line 665.
    Found 11-bit subtractor for signal <add0000$sub0000> created at line 665.
    Found 11-bit subtractor for signal <add0000$sub0001> created at line 665.
    Found 10-bit adder carry out for signal <add0004$addsub0000> created at line 675.
    Found 10-bit adder carry out for signal <add0005$addsub0000> created at line 685.
    Found 12-bit subtractor for signal <add0006$addsub0000> created at line 758.
    Found 12x12-bit multiplier for signal <add0006$mult0000> created at line 758.
    Found 10-bit adder carry out for signal <add0007$addsub0000> created at line 680.
    Found 10-bit adder carry out for signal <add0008$addsub0000> created at line 690.
    Found 1-bit register for signal <down>.
    Found 10-bit comparator greatequal for signal <down$cmp_ge0000> created at line 737.
    Found 11-bit comparator greatequal for signal <down$cmp_ge0001> created at line 690.
    Found 11-bit comparator greatequal for signal <down$cmp_ge0002> created at line 690.
    Found 12-bit comparator greatequal for signal <down$cmp_ge0003> created at line 685.
    Found 11-bit comparator lessequal for signal <down$cmp_le0000> created at line 725.
    Found 10-bit comparator lessequal for signal <down$cmp_le0001> created at line 690.
    Found 11-bit comparator lessequal for signal <down$cmp_le0002> created at line 690.
    Found 12-bit comparator lessequal for signal <down$cmp_le0003> created at line 685.
    Found 1-bit register for signal <had_collision>.
    Found 19-bit register for signal <move_counter>.
    Found 11-bit adder for signal <move_counter$add0000> created at line 643.
    Found 10-bit adder carry out for signal <move_counter$addsub0001> created at line 643.
    Found 12-bit comparator greater for signal <move_counter$cmp_gt0000> created at line 631.
    Found 11-bit comparator greater for signal <move_counter$cmp_gt0001> created at line 643.
    Found 12-bit comparator less for signal <move_counter$cmp_lt0000> created at line 631.
    Found 11-bit comparator less for signal <move_counter$cmp_lt0001> created at line 643.
    Found 19-bit subtractor for signal <move_counter$share0000>.
    Found 11-bit subtractor for signal <mult0002$addsub0000> created at line 758.
    Found 10-bit register for signal <paddle_x>.
    Found 10-bit register for signal <paddle_y>.
    Found 10-bit register for signal <paddle_y_next>.
    Found 12-bit comparator greatequal for signal <paddle_y_next$cmp_ge0000> created at line 631.
    Found 11-bit comparator greatequal for signal <paddle_y_next$cmp_ge0001> created at line 643.
    Found 12-bit comparator lessequal for signal <paddle_y_next$cmp_le0000> created at line 631.
    Found 11-bit comparator lessequal for signal <paddle_y_next$cmp_le0001> created at line 643.
    Found 10-bit addsub for signal <paddle_y_next$mux0000>.
    Found 11-bit comparator greater for signal <pixel_out$cmp_gt0000> created at line 754.
    Found 10-bit comparator greater for signal <pixel_out$cmp_gt0001> created at line 754.
    Found 26-bit comparator less for signal <pixel_out$cmp_gt0002> created at line 758.
    Found 11-bit comparator less for signal <pixel_out$cmp_lt0000> created at line 754.
    Found 11-bit comparator less for signal <pixel_out$cmp_lt0001> created at line 754.
    Found 19-bit down counter for signal <puck_counter>.
    Found 4x7-bit multiplier for signal <puck_v_speed$mult0000> created at line 599.
    Found 10-bit register for signal <puck_x>.
    Found 10-bit register for signal <puck_x_next>.
    Found 26-bit comparator less for signal <puck_x_next$cmp_gt0000> created at line 665.
    Found 26-bit comparator less for signal <puck_x_next$cmp_gt0001> created at line 665.
    Found 26-bit comparator less for signal <puck_x_next$cmp_gt0002> created at line 665.
    Found 24-bit comparator less for signal <puck_x_next$cmp_gt0003> created at line 665.
    Found 12-bit comparator greater for signal <puck_x_next$cmp_gt0004> created at line 675.
    Found 10-bit comparator greater for signal <puck_x_next$cmp_gt0005> created at line 675.
    Found 11-bit comparator greater for signal <puck_x_next$cmp_gt0006> created at line 680.
    Found 10-bit comparator greater for signal <puck_x_next$cmp_gt0007> created at line 685.
    Found 12-bit comparator greater for signal <puck_x_next$cmp_gt0008> created at line 685.
    Found 11-bit comparator greater for signal <puck_x_next$cmp_gt0009> created at line 690.
    Found 11-bit comparator greater for signal <puck_x_next$cmp_gt0010> created at line 700.
    Found 12-bit comparator less for signal <puck_x_next$cmp_lt0000> created at line 675.
    Found 11-bit comparator less for signal <puck_x_next$cmp_lt0001> created at line 675.
    Found 11-bit comparator less for signal <puck_x_next$cmp_lt0002> created at line 680.
    Found 11-bit comparator less for signal <puck_x_next$cmp_lt0003> created at line 685.
    Found 12-bit comparator less for signal <puck_x_next$cmp_lt0004> created at line 685.
    Found 11-bit comparator less for signal <puck_x_next$cmp_lt0005> created at line 690.
    Found 10-bit comparator less for signal <puck_x_next$cmp_lt0006> created at line 712.
    Found 10-bit addsub for signal <puck_x_next$mux0000>.
    Found 10-bit register for signal <puck_y>.
    Found 10-bit register for signal <puck_y_next>.
    Found 11-bit comparator greater for signal <puck_y_next$cmp_gt0000> created at line 725.
    Found 10-bit comparator less for signal <puck_y_next$cmp_lt0000> created at line 737.
    Found 10-bit addsub for signal <puck_y_next$mux0000>.
    Found 1-bit register for signal <right>.
    Found 10-bit comparator greatequal for signal <right$cmp_ge0000> created at line 712.
    Found 11-bit comparator greatequal for signal <right$cmp_ge0001> created at line 680.
    Found 11-bit comparator greatequal for signal <right$cmp_ge0002> created at line 680.
    Found 12-bit comparator greatequal for signal <right$cmp_ge0003> created at line 675.
    Found 11-bit comparator lessequal for signal <right$cmp_le0000> created at line 700.
    Found 11-bit comparator lessequal for signal <right$cmp_le0001> created at line 680.
    Found 10-bit comparator lessequal for signal <right$cmp_le0002> created at line 680.
    Found 12-bit comparator lessequal for signal <right$cmp_le0003> created at line 675.
    Found 26-bit comparator greatequal for signal <right$cmp_le0004> created at line 665.
    Found 26-bit comparator greatequal for signal <right$cmp_le0005> created at line 665.
    Found 26-bit comparator greatequal for signal <right$cmp_le0006> created at line 665.
    Found 24-bit comparator greatequal for signal <right$cmp_le0007> created at line 665.
    Summary:
	inferred   1 Counter(s).
	inferred  46 D-type flip-flop(s).
	inferred  24 Adder/Subtractor(s).
	inferred   7 Multiplier(s).
	inferred  53 Comparator(s).
Unit <pong_game> synthesized.


Synthesizing Unit <lab3>.
    Related source file is "sources/lab3.v".
WARNING:Xst:2565 - Inout <user3<28>> is never assigned.
WARNING:Xst:2565 - Inout <user3<4>> is never assigned.
WARNING:Xst:2565 - Inout <user3<29>> is never assigned.
WARNING:Xst:2565 - Inout <user3<5>> is never assigned.
WARNING:Xst:647 - Input <button0> is never used. This port will be preserved and left unconnected if it belongs to a top-level block or it belongs to a sub-block and the hierarchy of this sub-block is preserved.
WARNING:Xst:647 - Input <button1> is never used. This port will be preserved and left unconnected if it belongs to a top-level block or it belongs to a sub-block and the hierarchy of this sub-block is preserved.
WARNING:Xst:647 - Input <button2> is never used. This port will be preserved and left unconnected if it belongs to a top-level block or it belongs to a sub-block and the hierarchy of this sub-block is preserved.
WARNING:Xst:647 - Input <button3> is never used. This port will be preserved and left unconnected if it belongs to a top-level block or it belongs to a sub-block and the hierarchy of this sub-block is preserved.
WARNING:Xst:2565 - Inout <user3<6>> is never assigned.
WARNING:Xst:2565 - Inout <user3<7>> is never assigned.
WARNING:Xst:2565 - Inout <user3<8>> is never assigned.
WARNING:Xst:2565 - Inout <user3<9>> is never assigned.
WARNING:Xst:2565 - Inout <daughtercard<10>> is never assigned.
WARNING:Xst:2565 - Inout <flash_data<10>> is never assigned.
WARNING:Xst:2565 - Inout <daughtercard<11>> is never assigned.
WARNING:Xst:2565 - Inout <flash_data<11>> is never assigned.
WARNING:Xst:647 - Input <clock1> is never used. This port will be preserved and left unconnected if it belongs to a top-level block or it belongs to a sub-block and the hierarchy of this sub-block is preserved.
WARNING:Xst:647 - Input <clock2> is never used. This port will be preserved and left unconnected if it belongs to a top-level block or it belongs to a sub-block and the hierarchy of this sub-block is preserved.
WARNING:Xst:2565 - Inout <daughtercard<12>> is never assigned.
WARNING:Xst:2565 - Inout <flash_data<12>> is never assigned.
WARNING:Xst:2565 - Inout <daughtercard<13>> is never assigned.
WARNING:Xst:2565 - Inout <flash_data<13>> is never assigned.
WARNING:Xst:647 - Input <tv_in_aef> is never used. This port will be preserved and left unconnected if it belongs to a top-level block or it belongs to a sub-block and the hierarchy of this sub-block is preserved.
WARNING:Xst:2565 - Inout <daughtercard<14>> is never assigned.
WARNING:Xst:2565 - Inout <flash_data<14>> is never assigned.
WARNING:Xst:647 - Input <tv_in_aff> is never used. This port will be preserved and left unconnected if it belongs to a top-level block or it belongs to a sub-block and the hierarchy of this sub-block is preserved.
WARNING:Xst:2565 - Inout <daughtercard<15>> is never assigned.
WARNING:Xst:2565 - Inout <daughtercard<20>> is never assigned.
WARNING:Xst:2565 - Inout <flash_data<15>> is never assigned.
WARNING:Xst:2565 - Inout <daughtercard<21>> is never assigned.
WARNING:Xst:2565 - Inout <daughtercard<16>> is never assigned.
WARNING:Xst:2565 - Inout <daughtercard<22>> is never assigned.
WARNING:Xst:2565 - Inout <daughtercard<17>> is never assigned.
WARNING:Xst:647 - Input <systemace_irq> is never used. This port will be preserved and left unconnected if it belongs to a top-level block or it belongs to a sub-block and the hierarchy of this sub-block is preserved.
WARNING:Xst:2565 - Inout <daughtercard<18>> is never assigned.
WARNING:Xst:2565 - Inout <daughtercard<23>> is never assigned.
WARNING:Xst:2565 - Inout <flash_data<0>> is never assigned.
WARNING:Xst:647 - Input <clock_feedback_in> is never used. This port will be preserved and left unconnected if it belongs to a top-level block or it belongs to a sub-block and the hierarchy of this sub-block is preserved.
WARNING:Xst:2565 - Inout <daughtercard<19>> is never assigned.
WARNING:Xst:2565 - Inout <daughtercard<24>> is never assigned.
WARNING:Xst:2565 - Inout <flash_data<1>> is never assigned.
WARNING:Xst:647 - Input <disp_data_in> is never used. This port will be preserved and left unconnected if it belongs to a top-level block or it belongs to a sub-block and the hierarchy of this sub-block is preserved.
WARNING:Xst:2565 - Inout <user2<10>> is never assigned.
WARNING:Xst:2565 - Inout <daughtercard<25>> is never assigned.
WARNING:Xst:2565 - Inout <daughtercard<30>> is never assigned.
WARNING:Xst:2565 - Inout <flash_data<2>> is never assigned.
WARNING:Xst:2565 - Inout <user2<11>> is never assigned.
WARNING:Xst:2565 - Inout <daughtercard<31>> is never assigned.
WARNING:Xst:2565 - Inout <daughtercard<26>> is never assigned.
WARNING:Xst:2565 - Inout <flash_data<3>> is never assigned.
WARNING:Xst:2565 - Inout <user2<12>> is never assigned.
WARNING:Xst:2565 - Inout <daughtercard<32>> is never assigned.
WARNING:Xst:2565 - Inout <daughtercard<27>> is never assigned.
WARNING:Xst:2565 - Inout <flash_data<4>> is never assigned.
WARNING:Xst:2565 - Inout <user2<13>> is never assigned.
WARNING:Xst:2565 - Inout <daughtercard<33>> is never assigned.
WARNING:Xst:2565 - Inout <daughtercard<28>> is never assigned.
WARNING:Xst:2565 - Inout <flash_data<5>> is never assigned.
WARNING:Xst:2565 - Inout <user4<0>> is never assigned.
WARNING:Xst:2565 - Inout <user2<14>> is never assigned.
WARNING:Xst:2565 - Inout <daughtercard<34>> is never assigned.
WARNING:Xst:2565 - Inout <daughtercard<29>> is never assigned.
WARNING:Xst:2565 - Inout <flash_data<6>> is never assigned.
WARNING:Xst:2565 - Inout <user4<1>> is never assigned.
WARNING:Xst:2565 - Inout <user2<15>> is never assigned.
WARNING:Xst:2565 - Inout <user2<20>> is never assigned.
WARNING:Xst:2565 - Inout <daughtercard<40>> is never assigned.
WARNING:Xst:2565 - Inout <daughtercard<35>> is never assigned.
WARNING:Xst:2565 - Inout <flash_data<7>> is never assigned.
WARNING:Xst:2565 - Inout <user4<2>> is never assigned.
WARNING:Xst:2565 - Inout <user2<21>> is never assigned.
WARNING:Xst:2565 - Inout <user2<16>> is never assigned.
WARNING:Xst:2565 - Inout <daughtercard<41>> is never assigned.
WARNING:Xst:2565 - Inout <daughtercard<36>> is never assigned.
WARNING:Xst:2565 - Inout <flash_data<8>> is never assigned.
WARNING:Xst:2565 - Inout <user1<0>> is never assigned.
WARNING:Xst:2565 - Inout <user4<3>> is never assigned.
WARNING:Xst:2565 - Inout <user2<17>> is never assigned.
WARNING:Xst:2565 - Inout <user2<22>> is never assigned.
WARNING:Xst:2565 - Inout <daughtercard<37>> is never assigned.
WARNING:Xst:2565 - Inout <daughtercard<42>> is never assigned.
WARNING:Xst:2565 - Inout <flash_data<9>> is never assigned.
WARNING:Xst:2565 - Inout <user1<1>> is never assigned.
WARNING:Xst:2565 - Inout <user4<4>> is never assigned.
WARNING:Xst:2565 - Inout <user2<23>> is never assigned.
WARNING:Xst:2565 - Inout <user2<18>> is never assigned.
WARNING:Xst:647 - Input <keyboard_clock> is never used. This port will be preserved and left unconnected if it belongs to a top-level block or it belongs to a sub-block and the hierarchy of this sub-block is preserved.
WARNING:Xst:2565 - Inout <daughtercard<38>> is never assigned.
WARNING:Xst:2565 - Inout <daughtercard<43>> is never assigned.
WARNING:Xst:2565 - Inout <user1<2>> is never assigned.
WARNING:Xst:2565 - Inout <user4<5>> is never assigned.
WARNING:Xst:2565 - Inout <user2<24>> is never assigned.
WARNING:Xst:2565 - Inout <user2<19>> is never assigned.
WARNING:Xst:2565 - Inout <daughtercard<39>> is never assigned.
WARNING:Xst:2565 - Inout <user1<3>> is never assigned.
WARNING:Xst:2565 - Inout <tv_in_i2c_data> is never assigned.
WARNING:Xst:2565 - Inout <user4<6>> is never assigned.
WARNING:Xst:2565 - Inout <user2<30>> is never assigned.
WARNING:Xst:2565 - Inout <user2<25>> is never assigned.
WARNING:Xst:2565 - Inout <user1<4>> is never assigned.
WARNING:Xst:2565 - Inout <user4<7>> is never assigned.
WARNING:Xst:2565 - Inout <user2<26>> is never assigned.
WARNING:Xst:2565 - Inout <user2<31>> is never assigned.
WARNING:Xst:2565 - Inout <user1<5>> is never assigned.
WARNING:Xst:647 - Input <flash_sts> is never used. This port will be preserved and left unconnected if it belongs to a top-level block or it belongs to a sub-block and the hierarchy of this sub-block is preserved.
WARNING:Xst:2565 - Inout <user4<8>> is never assigned.
WARNING:Xst:647 - Input <rs232_rxd> is never used. This port will be preserved and left unconnected if it belongs to a top-level block or it belongs to a sub-block and the hierarchy of this sub-block is preserved.
WARNING:Xst:2565 - Inout <user2<27>> is never assigned.
WARNING:Xst:2565 - Inout <user1<6>> is never assigned.
WARNING:Xst:2565 - Inout <user4<9>> is never assigned.
WARNING:Xst:2565 - Inout <user2<28>> is never assigned.
WARNING:Xst:647 - Input <mouse_data> is never used. This port will be preserved and left unconnected if it belongs to a top-level block or it belongs to a sub-block and the hierarchy of this sub-block is preserved.
WARNING:Xst:2565 - Inout <user1<7>> is never assigned.
WARNING:Xst:647 - Input <rs232_cts> is never used. This port will be preserved and left unconnected if it belongs to a top-level block or it belongs to a sub-block and the hierarchy of this sub-block is preserved.
WARNING:Xst:2565 - Inout <user2<29>> is never assigned.
WARNING:Xst:2565 - Inout <user1<8>> is never assigned.
WARNING:Xst:2565 - Inout <user1<9>> is never assigned.
WARNING:Xst:2565 - Inout <daughtercard<0>> is never assigned.
WARNING:Xst:2565 - Inout <user4<10>> is never assigned.
WARNING:Xst:2565 - Inout <daughtercard<1>> is never assigned.
WARNING:Xst:647 - Input <switch<3:2>> is never used. This port will be preserved and left unconnected if it belongs to a top-level block or it belongs to a sub-block and the hierarchy of this sub-block is preserved.
WARNING:Xst:2565 - Inout <user4<11>> is never assigned.
WARNING:Xst:2565 - Inout <daughtercard<2>> is never assigned.
WARNING:Xst:2565 - Inout <user4<12>> is never assigned.
WARNING:Xst:2565 - Inout <daughtercard<3>> is never assigned.
WARNING:Xst:2565 - Inout <user4<13>> is never assigned.
WARNING:Xst:2565 - Inout <daughtercard<4>> is never assigned.
WARNING:Xst:2565 - Inout <user4<14>> is never assigned.
WARNING:Xst:2565 - Inout <daughtercard<5>> is never assigned.
WARNING:Xst:2565 - Inout <user4<20>> is never assigned.
WARNING:Xst:2565 - Inout <user4<15>> is never assigned.
WARNING:Xst:2565 - Inout <daughtercard<6>> is never assigned.
WARNING:Xst:2565 - Inout <ram0_data<0>> is never assigned.
WARNING:Xst:2565 - Inout <user4<16>> is never assigned.
WARNING:Xst:2565 - Inout <user4<21>> is never assigned.
WARNING:Xst:2565 - Inout <ram1_data<10>> is never assigned.
WARNING:Xst:2565 - Inout <daughtercard<7>> is never assigned.
WARNING:Xst:2565 - Inout <ram0_data<1>> is never assigned.
WARNING:Xst:2565 - Inout <user4<22>> is never assigned.
WARNING:Xst:2565 - Inout <user4<17>> is never assigned.
WARNING:Xst:2565 - Inout <ram1_data<11>> is never assigned.
WARNING:Xst:2565 - Inout <daughtercard<8>> is never assigned.
WARNING:Xst:2565 - Inout <ram0_data<2>> is never assigned.
WARNING:Xst:2565 - Inout <user4<23>> is never assigned.
WARNING:Xst:2565 - Inout <user4<18>> is never assigned.
WARNING:Xst:647 - Input <button_left> is never used. This port will be preserved and left unconnected if it belongs to a top-level block or it belongs to a sub-block and the hierarchy of this sub-block is preserved.
WARNING:Xst:2565 - Inout <ram1_data<12>> is never assigned.
WARNING:Xst:2565 - Inout <daughtercard<9>> is never assigned.
WARNING:Xst:2565 - Inout <ram0_data<3>> is never assigned.
WARNING:Xst:2565 - Inout <user4<19>> is never assigned.
WARNING:Xst:2565 - Inout <user4<24>> is never assigned.
WARNING:Xst:2565 - Inout <ram1_data<13>> is never assigned.
WARNING:Xst:2565 - Inout <systemace_data<0>> is never assigned.
WARNING:Xst:2565 - Inout <ram0_data<4>> is never assigned.
WARNING:Xst:2565 - Inout <user4<30>> is never assigned.
WARNING:Xst:2565 - Inout <user4<25>> is never assigned.
WARNING:Xst:2565 - Inout <ram1_data<14>> is never assigned.
WARNING:Xst:2565 - Inout <systemace_data<1>> is never assigned.
WARNING:Xst:2565 - Inout <ram0_data<5>> is never assigned.
WARNING:Xst:2565 - Inout <user4<26>> is never assigned.
WARNING:Xst:2565 - Inout <user4<31>> is never assigned.
WARNING:Xst:2565 - Inout <ram1_data<20>> is never assigned.
WARNING:Xst:2565 - Inout <systemace_data<2>> is never assigned.
WARNING:Xst:2565 - Inout <ram1_data<15>> is never assigned.
WARNING:Xst:2565 - Inout <ram0_data<6>> is never assigned.
WARNING:Xst:2565 - Inout <user4<27>> is never assigned.
WARNING:Xst:2565 - Inout <systemace_data<3>> is never assigned.
WARNING:Xst:2565 - Inout <ram1_data<16>> is never assigned.
WARNING:Xst:2565 - Inout <ram1_data<21>> is never assigned.
WARNING:Xst:2565 - Inout <ram0_data<7>> is never assigned.
WARNING:Xst:647 - Input <tv_in_data_valid> is never used. This port will be preserved and left unconnected if it belongs to a top-level block or it belongs to a sub-block and the hierarchy of this sub-block is preserved.
WARNING:Xst:2565 - Inout <user4<28>> is never assigned.
WARNING:Xst:2565 - Inout <ram1_data<22>> is never assigned.
WARNING:Xst:2565 - Inout <systemace_data<4>> is never assigned.
WARNING:Xst:2565 - Inout <ram1_data<17>> is never assigned.
WARNING:Xst:647 - Input <tv_in_hff> is never used. This port will be preserved and left unconnected if it belongs to a top-level block or it belongs to a sub-block and the hierarchy of this sub-block is preserved.
WARNING:Xst:2565 - Inout <ram0_data<8>> is never assigned.
WARNING:Xst:2565 - Inout <user1<10>> is never assigned.
WARNING:Xst:2565 - Inout <user4<29>> is never assigned.
WARNING:Xst:2565 - Inout <ram1_data<23>> is never assigned.
WARNING:Xst:2565 - Inout <systemace_data<5>> is never assigned.
WARNING:Xst:2565 - Inout <ram1_data<18>> is never assigned.
WARNING:Xst:2565 - Inout <ram0_data<9>> is never assigned.
WARNING:Xst:2565 - Inout <user2<0>> is never assigned.
WARNING:Xst:2565 - Inout <user1<11>> is never assigned.
WARNING:Xst:647 - Input <tv_in_ycrcb> is never used. This port will be preserved and left unconnected if it belongs to a top-level block or it belongs to a sub-block and the hierarchy of this sub-block is preserved.
WARNING:Xst:2565 - Inout <ram0_data<10>> is never assigned.
WARNING:Xst:2565 - Inout <ram1_data<24>> is never assigned.
WARNING:Xst:2565 - Inout <systemace_data<6>> is never assigned.
WARNING:Xst:2565 - Inout <ram1_data<19>> is never assigned.
WARNING:Xst:2565 - Inout <user2<1>> is never assigned.
WARNING:Xst:2565 - Inout <user1<12>> is never assigned.
WARNING:Xst:2565 - Inout <ram0_data<11>> is never assigned.
WARNING:Xst:2565 - Inout <systemace_data<7>> is never assigned.
WARNING:Xst:2565 - Inout <ram1_data<25>> is never assigned.
WARNING:Xst:2565 - Inout <ram1_data<30>> is never assigned.
WARNING:Xst:2565 - Inout <user1<13>> is never assigned.
WARNING:Xst:2565 - Inout <user2<2>> is never assigned.
WARNING:Xst:2565 - Inout <ram0_data<12>> is never assigned.
WARNING:Xst:2565 - Inout <ram1_data<31>> is never assigned.
WARNING:Xst:2565 - Inout <systemace_data<8>> is never assigned.
WARNING:Xst:2565 - Inout <ram1_data<26>> is never assigned.
WARNING:Xst:2565 - Inout <user2<3>> is never assigned.
WARNING:Xst:2565 - Inout <user1<14>> is never assigned.
WARNING:Xst:2565 - Inout <ram0_data<13>> is never assigned.
WARNING:Xst:2565 - Inout <ram1_data<32>> is never assigned.
WARNING:Xst:2565 - Inout <systemace_data<9>> is never assigned.
WARNING:Xst:2565 - Inout <ram1_data<27>> is never assigned.
WARNING:Xst:2565 - Inout <user2<4>> is never assigned.
WARNING:Xst:2565 - Inout <user1<15>> is never assigned.
WARNING:Xst:2565 - Inout <user1<20>> is never assigned.
WARNING:Xst:2565 - Inout <ram0_data<14>> is never assigned.
WARNING:Xst:647 - Input <tv_in_line_clock1> is never used. This port will be preserved and left unconnected if it belongs to a top-level block or it belongs to a sub-block and the hierarchy of this sub-block is preserved.
WARNING:Xst:2565 - Inout <ram1_data<28>> is never assigned.
WARNING:Xst:2565 - Inout <ram1_data<33>> is never assigned.
WARNING:Xst:647 - Input <tv_in_line_clock2> is never used. This port will be preserved and left unconnected if it belongs to a top-level block or it belongs to a sub-block and the hierarchy of this sub-block is preserved.
WARNING:Xst:2565 - Inout <ram1_data<0>> is never assigned.
WARNING:Xst:2565 - Inout <user1<16>> is never assigned.
WARNING:Xst:2565 - Inout <user2<5>> is never assigned.
WARNING:Xst:2565 - Inout <user1<21>> is never assigned.
WARNING:Xst:2565 - Inout <ram0_data<20>> is never assigned.
WARNING:Xst:2565 - Inout <ram0_data<15>> is never assigned.
WARNING:Xst:2565 - Inout <ram1_data<29>> is never assigned.
WARNING:Xst:2565 - Inout <ram1_data<34>> is never assigned.
WARNING:Xst:647 - Input <keyboard_data> is never used. This port will be preserved and left unconnected if it belongs to a top-level block or it belongs to a sub-block and the hierarchy of this sub-block is preserved.
WARNING:Xst:2565 - Inout <ram1_data<1>> is never assigned.
WARNING:Xst:2565 - Inout <user1<17>> is never assigned.
WARNING:Xst:2565 - Inout <user2<6>> is never assigned.
WARNING:Xst:2565 - Inout <user1<22>> is never assigned.
WARNING:Xst:2565 - Inout <ram0_data<21>> is never assigned.
WARNING:Xst:2565 - Inout <ram0_data<16>> is never assigned.
WARNING:Xst:2565 - Inout <ram1_data<35>> is never assigned.
WARNING:Xst:2565 - Inout <ram1_data<2>> is never assigned.
WARNING:Xst:2565 - Inout <user1<18>> is never assigned.
WARNING:Xst:2565 - Inout <user2<7>> is never assigned.
WARNING:Xst:2565 - Inout <user1<23>> is never assigned.
WARNING:Xst:2565 - Inout <ram0_data<22>> is never assigned.
WARNING:Xst:2565 - Inout <ram0_data<17>> is never assigned.
WARNING:Xst:2565 - Inout <ram1_data<3>> is never assigned.
WARNING:Xst:2565 - Inout <systemace_data<10>> is never assigned.
WARNING:Xst:2565 - Inout <user1<24>> is never assigned.
WARNING:Xst:2565 - Inout <user2<8>> is never assigned.
WARNING:Xst:2565 - Inout <user1<19>> is never assigned.
WARNING:Xst:2565 - Inout <ram0_data<23>> is never assigned.
WARNING:Xst:2565 - Inout <ram0_data<18>> is never assigned.
WARNING:Xst:647 - Input <ac97_sdata_in> is never used. This port will be preserved and left unconnected if it belongs to a top-level block or it belongs to a sub-block and the hierarchy of this sub-block is preserved.
WARNING:Xst:2565 - Inout <ram1_data<4>> is never assigned.
WARNING:Xst:2565 - Inout <systemace_data<11>> is never assigned.
WARNING:Xst:2565 - Inout <user1<25>> is never assigned.
WARNING:Xst:2565 - Inout <user2<9>> is never assigned.
WARNING:Xst:2565 - Inout <user1<30>> is never assigned.
WARNING:Xst:2565 - Inout <ram0_data<24>> is never assigned.
WARNING:Xst:2565 - Inout <ram0_data<19>> is never assigned.
WARNING:Xst:2565 - Inout <ram1_data<5>> is never assigned.
WARNING:Xst:2565 - Inout <systemace_data<12>> is never assigned.
WARNING:Xst:2565 - Inout <user1<26>> is never assigned.
WARNING:Xst:2565 - Inout <user1<31>> is never assigned.
WARNING:Xst:2565 - Inout <ram0_data<25>> is never assigned.
WARNING:Xst:2565 - Inout <ram0_data<30>> is never assigned.
WARNING:Xst:2565 - Inout <ram1_data<6>> is never assigned.
WARNING:Xst:2565 - Inout <systemace_data<13>> is never assigned.
WARNING:Xst:2565 - Inout <user1<27>> is never assigned.
WARNING:Xst:2565 - Inout <ram0_data<31>> is never assigned.
WARNING:Xst:2565 - Inout <ram0_data<26>> is never assigned.
WARNING:Xst:2565 - Inout <ram1_data<7>> is never assigned.
WARNING:Xst:2565 - Inout <systemace_data<14>> is never assigned.
WARNING:Xst:2565 - Inout <user1<28>> is never assigned.
WARNING:Xst:2565 - Inout <ram0_data<32>> is never assigned.
WARNING:Xst:2565 - Inout <ram0_data<27>> is never assigned.
WARNING:Xst:2565 - Inout <ram1_data<8>> is never assigned.
WARNING:Xst:2565 - Inout <systemace_data<15>> is never assigned.
WARNING:Xst:2565 - Inout <user1<29>> is never assigned.
WARNING:Xst:2565 - Inout <ram0_data<28>> is never assigned.
WARNING:Xst:2565 - Inout <ram0_data<33>> is never assigned.
WARNING:Xst:647 - Input <systemace_mpbrdy> is never used. This port will be preserved and left unconnected if it belongs to a top-level block or it belongs to a sub-block and the hierarchy of this sub-block is preserved.
WARNING:Xst:2565 - Inout <ram1_data<9>> is never assigned.
WARNING:Xst:647 - Input <button_right> is never used. This port will be preserved and left unconnected if it belongs to a top-level block or it belongs to a sub-block and the hierarchy of this sub-block is preserved.
WARNING:Xst:2565 - Inout <ram0_data<34>> is never assigned.
WARNING:Xst:2565 - Inout <ram0_data<29>> is never assigned.
WARNING:Xst:2565 - Inout <ram0_data<35>> is never assigned.
WARNING:Xst:2565 - Inout <user3<10>> is never assigned.
WARNING:Xst:647 - Input <mouse_clock> is never used. This port will be preserved and left unconnected if it belongs to a top-level block or it belongs to a sub-block and the hierarchy of this sub-block is preserved.
WARNING:Xst:2565 - Inout <user3<11>> is never assigned.
WARNING:Xst:2565 - Inout <user3<12>> is never assigned.
WARNING:Xst:2565 - Inout <user3<13>> is never assigned.
WARNING:Xst:647 - Input <ac97_bit_clock> is never used. This port will be preserved and left unconnected if it belongs to a top-level block or it belongs to a sub-block and the hierarchy of this sub-block is preserved.
WARNING:Xst:2565 - Inout <user3<14>> is never assigned.
WARNING:Xst:2565 - Inout <user3<20>> is never assigned.
WARNING:Xst:2565 - Inout <user3<15>> is never assigned.
WARNING:Xst:2565 - Inout <user3<21>> is never assigned.
WARNING:Xst:2565 - Inout <user3<16>> is never assigned.
WARNING:Xst:2565 - Inout <user3<22>> is never assigned.
WARNING:Xst:2565 - Inout <user3<17>> is never assigned.
WARNING:Xst:2565 - Inout <user3<23>> is never assigned.
WARNING:Xst:2565 - Inout <user3<18>> is never assigned.
WARNING:Xst:2565 - Inout <user3<24>> is never assigned.
WARNING:Xst:2565 - Inout <user3<19>> is never assigned.
WARNING:Xst:2565 - Inout <user3<0>> is never assigned.
WARNING:Xst:2565 - Inout <user3<30>> is never assigned.
WARNING:Xst:2565 - Inout <user3<25>> is never assigned.
WARNING:Xst:2565 - Inout <user3<1>> is never assigned.
WARNING:Xst:2565 - Inout <user3<26>> is never assigned.
WARNING:Xst:2565 - Inout <user3<31>> is never assigned.
WARNING:Xst:2565 - Inout <user3<2>> is never assigned.
WARNING:Xst:2565 - Inout <user3<27>> is never assigned.
WARNING:Xst:2565 - Inout <user3<3>> is never assigned.
    Found 1-bit register for signal <b>.
    Found 1-bit 4-to-1 multiplexer for signal <b$mux0000>.
    Found 1-bit register for signal <hs>.
    Found 1-bit 4-to-1 multiplexer for signal <hs$mux0000>.
    Found 24-bit register for signal <rgb>.
    Found 24-bit 4-to-1 multiplexer for signal <rgb$mux0000>.
    Found 1-bit register for signal <vs>.
    Found 1-bit 4-to-1 multiplexer for signal <vs$mux0000>.
    Summary:
	inferred  27 D-type flip-flop(s).
	inferred  27 Multiplexer(s).
Unit <lab3> synthesized.

INFO:Xst:1767 - HDL ADVISOR - Resource sharing has identified that some arithmetic operations in this design can share the same physical resources for reduced device utilization. For improved clock frequency you may try to disable resource sharing.

=========================================================================
HDL Synthesis Report

Macro Statistics
# Multipliers                                          : 7
 11x11-bit multiplier                                  : 3
 12x12-bit multiplier                                  : 3
 4x7-bit multiplier                                    : 1
# Adders/Subtractors                                   : 24
 10-bit adder carry out                                : 5
 10-bit addsub                                         : 3
 11-bit adder                                          : 1
 11-bit adder carry out                                : 2
 11-bit subtractor                                     : 3
 12-bit subtractor                                     : 4
 19-bit subtractor                                     : 1
 23-bit adder                                          : 1
 25-bit adder                                          : 4
# Counters                                             : 6
 10-bit up counter                                     : 1
 11-bit up counter                                     : 1
 19-bit down counter                                   : 1
 20-bit up counter                                     : 3
# Registers                                            : 27
 1-bit register                                        : 17
 10-bit register                                       : 7
 19-bit register                                       : 1
 24-bit register                                       : 2
# Comparators                                          : 53
 10-bit comparator greatequal                          : 2
 10-bit comparator greater                             : 3
 10-bit comparator less                                : 2
 10-bit comparator lessequal                           : 2
 11-bit comparator greatequal                          : 5
 11-bit comparator greater                             : 6
 11-bit comparator less                                : 7
 11-bit comparator lessequal                           : 5
 12-bit comparator greatequal                          : 3
 12-bit comparator greater                             : 3
 12-bit comparator less                                : 3
 12-bit comparator lessequal                           : 3
 24-bit comparator greatequal                          : 1
 24-bit comparator less                                : 1
 26-bit comparator greatequal                          : 3
 26-bit comparator less                                : 4
# Multiplexers                                         : 4
 1-bit 4-to-1 multiplexer                              : 3
 24-bit 4-to-1 multiplexer                             : 1
# Xors                                                 : 3
 1-bit xor2                                            : 3

=========================================================================

=========================================================================
*                       Advanced HDL Synthesis                          *
=========================================================================

Loading device for application Rf_Device from file '2v6000.nph' in environment /afs/csail.mit.edu/proj/redsocs/Xilinx10.1/ISE.

Synthesizing (advanced) Unit <pong_game>.
INFO:Xst:2385 - HDL ADVISOR - You can improve the performance of the multiplier Mmult_add0000_mult0001 by adding 1 register level(s).
INFO:Xst:2385 - HDL ADVISOR - You can improve the performance of the multiplier Mmult_add0000_mult0000 by adding 1 register level(s).
INFO:Xst:2385 - HDL ADVISOR - You can improve the performance of the multiplier Mmult__mult0002 by adding 1 register level(s).
INFO:Xst:2385 - HDL ADVISOR - You can improve the performance of the multiplier Mmult_add0006_mult0000 by adding 1 register level(s).
INFO:Xst:2385 - HDL ADVISOR - You can improve the performance of the multiplier Mmult__mult0000 by adding 1 register level(s).
INFO:Xst:2385 - HDL ADVISOR - You can improve the performance of the multiplier Mmult__mult0001 by adding 1 register level(s).
INFO:Xst:2385 - HDL ADVISOR - You can improve the performance of the multiplier Mmult_puck_v_speed_mult0000 by adding 1 register level(s).
Unit <pong_game> synthesized (advanced).
INFO:Xst:2261 - The FF/Latch <pixel_out_16> in Unit <pong_game> is equivalent to the following 7 FFs/Latches, which will be removed : <pixel_out_17> <pixel_out_18> <pixel_out_19> <pixel_out_20> <pixel_out_21> <pixel_out_22> <pixel_out_23> 
INFO:Xst:2261 - The FF/Latch <pixel_out_0> in Unit <pong_game> is equivalent to the following 15 FFs/Latches, which will be removed : <pixel_out_1> <pixel_out_2> <pixel_out_3> <pixel_out_4> <pixel_out_5> <pixel_out_6> <pixel_out_7> <pixel_out_8> <pixel_out_9> <pixel_out_10> <pixel_out_11> <pixel_out_12> <pixel_out_13> <pixel_out_14> <pixel_out_15> 
WARNING:Xst:1293 - FF/Latch <2> has a constant value of 1 in block <paddle_x>. This FF/Latch will be trimmed during the optimization process.
WARNING:Xst:1293 - FF/Latch <0> has a constant value of 0 in block <paddle_x>. This FF/Latch will be trimmed during the optimization process.
WARNING:Xst:1293 - FF/Latch <1> has a constant value of 0 in block <paddle_x>. This FF/Latch will be trimmed during the optimization process.
WARNING:Xst:1293 - FF/Latch <3> has a constant value of 0 in block <paddle_x>. This FF/Latch will be trimmed during the optimization process.
WARNING:Xst:1293 - FF/Latch <4> has a constant value of 0 in block <paddle_x>. This FF/Latch will be trimmed during the optimization process.
WARNING:Xst:1293 - FF/Latch <7> has a constant value of 0 in block <paddle_x>. This FF/Latch will be trimmed during the optimization process.
WARNING:Xst:1293 - FF/Latch <5> has a constant value of 1 in block <paddle_x>. This FF/Latch will be trimmed during the optimization process.
WARNING:Xst:1293 - FF/Latch <6> has a constant value of 1 in block <paddle_x>. This FF/Latch will be trimmed during the optimization process.
WARNING:Xst:1293 - FF/Latch <8> has a constant value of 0 in block <paddle_x>. This FF/Latch will be trimmed during the optimization process.
WARNING:Xst:1293 - FF/Latch <9> has a constant value of 0 in block <paddle_x>. This FF/Latch will be trimmed during the optimization process.

=========================================================================
Advanced HDL Synthesis Report

Macro Statistics
# Multipliers                                          : 7
 11x11-bit multiplier                                  : 3
 12x12-bit multiplier                                  : 3
 4x7-bit multiplier                                    : 1
# Adders/Subtractors                                   : 24
 10-bit adder carry out                                : 5
 10-bit addsub                                         : 3
 11-bit adder                                          : 1
 11-bit adder carry out                                : 2
 11-bit subtractor                                     : 3
 12-bit subtractor                                     : 4
 19-bit subtractor                                     : 1
 23-bit adder                                          : 1
 25-bit adder                                          : 4
# Counters                                             : 6
 10-bit up counter                                     : 1
 11-bit up counter                                     : 1
 19-bit down counter                                   : 1
 20-bit up counter                                     : 3
# Registers                                            : 132
 Flip-Flops                                            : 132
# Comparators                                          : 53
 10-bit comparator greatequal                          : 2
 10-bit comparator greater                             : 3
 10-bit comparator less                                : 2
 10-bit comparator lessequal                           : 2
 11-bit comparator greatequal                          : 5
 11-bit comparator greater                             : 6
 11-bit comparator less                                : 7
 11-bit comparator lessequal                           : 5
 12-bit comparator greatequal                          : 3
 12-bit comparator greater                             : 3
 12-bit comparator less                                : 3
 12-bit comparator lessequal                           : 3
 24-bit comparator greatequal                          : 1
 24-bit comparator less                                : 1
 26-bit comparator greatequal                          : 3
 26-bit comparator less                                : 4
# Multiplexers                                         : 4
 1-bit 4-to-1 multiplexer                              : 3
 24-bit 4-to-1 multiplexer                             : 1
# Xors                                                 : 3
 1-bit xor2                                            : 3

=========================================================================

=========================================================================
*                         Low Level Synthesis                           *
=========================================================================
INFO:Xst:2261 - The FF/Latch <paddle_x_6> in Unit <pong_game> is equivalent to the following 2 FFs/Latches, which will be removed : <paddle_x_5> <paddle_x_2> 
INFO:Xst:2261 - The FF/Latch <paddle_x_9> in Unit <pong_game> is equivalent to the following 6 FFs/Latches, which will be removed : <paddle_x_8> <paddle_x_7> <paddle_x_4> <paddle_x_3> <paddle_x_1> <paddle_x_0> 
WARNING:Xst:1293 - FF/Latch <paddle_x_9> has a constant value of 0 in block <pong_game>. This FF/Latch will be trimmed during the optimization process.
WARNING:Xst:1896 - Due to other FF/Latch trimming, FF/Latch <paddle_x_6> has a constant value of 1 in block <pong_game>. This FF/Latch will be trimmed during the optimization process.

Optimizing unit <lab3> ...

Optimizing unit <xvga> ...

Optimizing unit <pong_game> ...

Mapping all equations...
Building and optimizing final netlist ...
INFO:Xst:2261 - The FF/Latch <rgb_0> in Unit <lab3> is equivalent to the following 7 FFs/Latches, which will be removed : <rgb_1> <rgb_2> <rgb_3> <rgb_4> <rgb_5> <rgb_6> <rgb_7> 
INFO:Xst:2261 - The FF/Latch <rgb_8> in Unit <lab3> is equivalent to the following 7 FFs/Latches, which will be removed : <rgb_9> <rgb_10> <rgb_11> <rgb_12> <rgb_13> <rgb_14> <rgb_15> 
INFO:Xst:2261 - The FF/Latch <rgb_16> in Unit <lab3> is equivalent to the following 7 FFs/Latches, which will be removed : <rgb_17> <rgb_18> <rgb_19> <rgb_20> <rgb_21> <rgb_22> <rgb_23> 
Found area constraint ratio of 100 (+ 5) on block lab3, actual ratio is 1.
FlipFlop pg/puck_y_next_1 has been replicated 1 time(s)
FlipFlop pg/puck_y_next_2 has been replicated 1 time(s)
FlipFlop pg/puck_y_next_3 has been replicated 1 time(s)

Final Macro Processing ...

=========================================================================
Final Register Report

Macro Statistics
# Registers                                            : 204
 Flip-Flops                                            : 204

=========================================================================

=========================================================================
*                           Partition Report                             *
=========================================================================

Partition Implementation Status
-------------------------------

  No Partitions were found in this design.

-------------------------------

=========================================================================
*                            Final Report                               *
=========================================================================
Final Results
RTL Top Level Output File Name     : lab3.ngr
Top Level Output File Name         : lab3
Output Format                      : NGC
Optimization Goal                  : Speed
Keep Hierarchy                     : NO

Design Statistics
# IOs                              : 576

Cell Usage :
# BELS                             : 1618
#      GND                         : 1
#      INV                         : 70
#      LUT1                        : 91
#      LUT2                        : 290
#      LUT2_D                      : 5
#      LUT2_L                      : 1
#      LUT3                        : 69
#      LUT3_D                      : 8
#      LUT3_L                      : 2
#      LUT4                        : 233
#      LUT4_D                      : 6
#      LUT4_L                      : 9
#      MULT_AND                    : 1
#      MUXCY                       : 502
#      MUXF5                       : 11
#      VCC                         : 1
#      XORCY                       : 318
# FlipFlops/Latches                : 204
#      FD                          : 5
#      FDC                         : 15
#      FDCE                        : 19
#      FDE                         : 10
#      FDP                         : 34
#      FDPE                        : 34
#      FDR                         : 11
#      FDRE                        : 72
#      FDS                         : 4
# Shift Registers                  : 1
#      SRL16                       : 1
# Clock Buffers                    : 1
#      BUFG                        : 1
# IO Buffers                       : 250
#      IBUF                        : 9
#      IBUFG                       : 1
#      OBUF                        : 240
# DCMs                             : 1
#      DCM                         : 1
# MULTs                            : 7
#      MULT18X18                   : 7
=========================================================================

Device utilization summary:
---------------------------

Selected Device : 2v6000bf957-4 

 Number of Slices:                      428  out of  33792     1%  
 Number of Slice Flip Flops:            204  out of  67584     0%  
 Number of 4 input LUTs:                785  out of  67584     1%  
    Number used as logic:               784
    Number used as Shift registers:       1
 Number of IOs:                         576
 Number of bonded IOBs:                 250  out of    684    36%  
 Number of MULT18X18s:                    7  out of    144     4%  
 Number of GCLKs:                         1  out of     16     6%  
 Number of DCMs:                          1  out of     12     8%  

---------------------------
Partition Resource Summary:
---------------------------

  No Partitions were found in this design.

---------------------------


=========================================================================
TIMING REPORT

NOTE: THESE TIMING NUMBERS ARE ONLY A SYNTHESIS ESTIMATE.
      FOR ACCURATE TIMING INFORMATION PLEASE REFER TO THE TRACE REPORT
      GENERATED AFTER PLACE-and-ROUTE.

Clock Information:
------------------
-----------------------------------+------------------------+-------+
Clock Signal                       | Clock buffer(FF name)  | Load  |
-----------------------------------+------------------------+-------+
clock_27mhz                        | vclk1:CLKFX            | 205   |
-----------------------------------+------------------------+-------+

Asynchronous Control Signals Information:
----------------------------------------
-----------------------------------+------------------------+-------+
Control Signal                     | Buffer(FF name)        | Load  |
-----------------------------------+------------------------+-------+
reset(reset1:O)                    | NONE(pg/puck_x_next_7) | 102   |
-----------------------------------+------------------------+-------+

Timing Summary:
---------------
Speed Grade: -4

   Minimum period: 57.588ns (Maximum Frequency: 17.365MHz)
   Minimum input arrival time before clock: 13.469ns
   Maximum output required time after clock: 9.519ns
   Maximum combinational path delay: 6.959ns

Timing Detail:
--------------
All values displayed in nanoseconds (ns)

=========================================================================
Timing constraint: Default period analysis for Clock 'clock_27mhz'
  Clock period: 57.588ns (frequency: 17.365MHz)
  Total number of paths / destination ports: 46932242 / 421
-------------------------------------------------------------------------
Delay:               23.995ns (Levels of Logic = 19)
  Source:            pg/puck_y_next_0 (FF)
  Destination:       pg/right (FF)
  Source Clock:      clock_27mhz rising 2.4X
  Destination Clock: clock_27mhz rising 2.4X

  Data Path: pg/puck_y_next_0 to pg/right
                                Gate     Net
    Cell:in->out      fanout   Delay   Delay  Logical Name (Net Name)
    ----------------------------------------  ------------
     FDCE:C->Q             8   0.568   1.125  pg/puck_y_next_0 (pg/puck_y_next_0)
     LUT2:I0->O            1   0.439   0.000  pg/Msub_add0000_sub0001_lut<0> (pg/Msub_add0000_sub0001_lut<0>)
     MUXCY:S->O            1   0.298   0.000  pg/Msub_add0000_sub0001_cy<0> (pg/Msub_add0000_sub0001_cy<0>)
     MUXCY:CI->O           1   0.053   0.000  pg/Msub_add0000_sub0001_cy<1> (pg/Msub_add0000_sub0001_cy<1>)
     MUXCY:CI->O           1   0.053   0.000  pg/Msub_add0000_sub0001_cy<2> (pg/Msub_add0000_sub0001_cy<2>)
     MUXCY:CI->O           1   0.053   0.000  pg/Msub_add0000_sub0001_cy<3> (pg/Msub_add0000_sub0001_cy<3>)
     MUXCY:CI->O           1   0.053   0.000  pg/Msub_add0000_sub0001_cy<4> (pg/Msub_add0000_sub0001_cy<4>)
     XORCY:CI->O           9   1.274   1.147  pg/Msub_add0000_sub0001_xor<5> (pg/add0000_sub0001<5>)
     LUT4:I0->O            1   0.439   0.000  pg/Madd_add0000_addsub0003_xor<8>11_SW5_G (N93)
     MUXF5:I1->O           1   0.436   0.552  pg/Madd_add0000_addsub0003_xor<8>11_SW5 (N60)
     LUT4:I2->O           14   0.439   0.978  pg/Madd_add0000_addsub0003_cy<10>11 (pg/Madd_add0000_index0001)
     MULT18X18:A11->P23    4   7.872   0.955  pg/Mmult_add0000_mult0001 (pg/add0000_mult0001<23>)
     LUT2:I1->O            1   0.439   0.000  pg/Madd__add0000_lut<23> (pg/Madd__add0000_lut<23>)
     MUXCY:S->O            0   0.298   0.000  pg/Madd__add0000_cy<23> (pg/Madd__add0000_cy<23>)
     XORCY:CI->O           2   1.274   0.910  pg/Madd__add0000_xor<24> (pg/_add0000<24>)
     LUT2:I1->O            1   0.439   0.000  pg/Mcompar_puck_x_next_cmp_gt0000_lut<7> (pg/Mcompar_puck_x_next_cmp_gt0000_lut<7>)
     MUXCY:S->O            1   0.298   0.000  pg/Mcompar_puck_x_next_cmp_gt0000_cy<7> (pg/Mcompar_puck_x_next_cmp_gt0000_cy<7>)
     MUXCY:CI->O           7   0.942   0.856  pg/Mcompar_puck_x_next_cmp_gt0000_cy<8> (pg/Mcompar_puck_x_next_cmp_gt0000_cy<8>)
     LUT4:I3->O            1   0.439   0.558  pg/right_mux0000_SW0 (N37)
     LUT4:I3->O            1   0.439   0.000  pg/right_mux0000 (pg/right_mux0000)
     FDE:D                     0.370          pg/right
    ----------------------------------------
    Total                     23.995ns (16.915ns logic, 7.080ns route)
                                       (70.5% logic, 29.5% route)

=========================================================================
Timing constraint: Default OFFSET IN BEFORE for Clock 'clock_27mhz'
  Total number of paths / destination ports: 10988 / 140
-------------------------------------------------------------------------
Offset:              13.469ns (Levels of Logic = 17)
  Source:            switch<4> (PAD)
  Destination:       pg/paddle_y_next_2 (FF)
  Destination Clock: clock_27mhz rising 2.4X

  Data Path: switch<4> to pg/paddle_y_next_2
                                Gate     Net
    Cell:in->out      fanout   Delay   Delay  Logical Name (Net Name)
    ----------------------------------------  ------------
     IBUF:I->O             4   0.825   0.955  switch_4_IBUF (switch_4_IBUF)
     LUT2:I1->O            1   0.439   0.000  pg/Madd_move_counter_addsub0001_lut<0> (pg/Madd_move_counter_addsub0001_lut<0>)
     MUXCY:S->O            1   0.298   0.000  pg/Madd_move_counter_addsub0001_cy<0> (pg/Madd_move_counter_addsub0001_cy<0>)
     MUXCY:CI->O           1   0.053   0.000  pg/Madd_move_counter_addsub0001_cy<1> (pg/Madd_move_counter_addsub0001_cy<1>)
     MUXCY:CI->O           1   0.053   0.000  pg/Madd_move_counter_addsub0001_cy<2> (pg/Madd_move_counter_addsub0001_cy<2>)
     MUXCY:CI->O           1   0.053   0.000  pg/Madd_move_counter_addsub0001_cy<3> (pg/Madd_move_counter_addsub0001_cy<3>)
     XORCY:CI->O           5   1.274   1.056  pg/Madd_move_counter_addsub0001_xor<4> (pg/Madd_move_counter_add00002)
     LUT2:I0->O            2   0.439   0.735  pg/Madd_move_counter_add0000_xor<8>11_SW0 (N25)
     LUT3:I2->O            1   0.439   0.000  pg/Madd_move_counter_add0000_xor<7>1_F (N134)
     MUXF5:I0->O           2   0.436   0.741  pg/Madd_move_counter_add0000_xor<7>1 (pg/move_counter_add0000<7>)
     LUT4:I3->O            1   0.439   0.000  pg/Mcompar_move_counter_cmp_lt0001_lut<1> (pg/Mcompar_move_counter_cmp_lt0001_lut<1>)
     MUXCY:S->O            1   0.298   0.000  pg/Mcompar_move_counter_cmp_lt0001_cy<1> (pg/Mcompar_move_counter_cmp_lt0001_cy<1>)
     MUXCY:CI->O           1   0.053   0.000  pg/Mcompar_move_counter_cmp_lt0001_cy<2> (pg/Mcompar_move_counter_cmp_lt0001_cy<2>)
     MUXCY:CI->O           1   0.053   0.000  pg/Mcompar_move_counter_cmp_lt0001_cy<3> (pg/Mcompar_move_counter_cmp_lt0001_cy<3>)
     MUXCY:CI->O           1   0.942   0.803  pg/Mcompar_move_counter_cmp_lt0001_cy<4> (pg/Mcompar_move_counter_cmp_lt0001_cy<4>)
     LUT3:I0->O           20   0.439   1.081  pg/paddle_y_next_not0001121 (pg/N102)
     LUT4:I3->O           10   0.439   0.885  pg/paddle_y_next_not00011 (pg/paddle_y_next_not0001)
     FDPE:CE                   0.240          pg/paddle_y_next_2
    ----------------------------------------
    Total                     13.469ns (7.212ns logic, 6.257ns route)
                                       (53.5% logic, 46.5% route)

=========================================================================
Timing constraint: Default OFFSET OUT AFTER for Clock 'clock_27mhz'
  Total number of paths / destination ports: 31 / 30
-------------------------------------------------------------------------
Offset:              9.519ns (Levels of Logic = 2)
  Source:            reset_sr (FF)
  Destination:       led<2> (PAD)
  Source Clock:      clock_27mhz rising 2.4X

  Data Path: reset_sr to led<2>
                                Gate     Net
    Cell:in->out      fanout   Delay   Delay  Logical Name (Net Name)
    ----------------------------------------  ------------
     SRL16:CLK->Q         10   2.901   1.093  reset_sr (power_on_reset)
     LUT2:I1->O            3   0.439   0.725  led<2>1 (led_2_OBUF)
     OBUF:I->O                 4.361          led_2_OBUF (led<2>)
    ----------------------------------------
    Total                      9.519ns (7.701ns logic, 1.818ns route)
                                       (80.9% logic, 19.1% route)

=========================================================================
Timing constraint: Default path analysis
  Total number of paths / destination ports: 2 / 2
-------------------------------------------------------------------------
Delay:               6.959ns (Levels of Logic = 3)
  Source:            switch<1> (PAD)
  Destination:       led<1> (PAD)

  Data Path: switch<1> to led<1>
                                Gate     Net
    Cell:in->out      fanout   Delay   Delay  Logical Name (Net Name)
    ----------------------------------------  ------------
     IBUF:I->O             7   0.825   0.816  switch_1_IBUF (switch_1_IBUF)
     INV:I->O              1   0.439   0.517  led<1>1_INV_0 (led_1_OBUF)
     OBUF:I->O                 4.361          led_1_OBUF (led<1>)
    ----------------------------------------
    Total                      6.959ns (5.625ns logic, 1.334ns route)
                                       (80.8% logic, 19.2% route)

=========================================================================


Total REAL time to Xst completion: 7.00 secs
Total CPU time to Xst completion: 7.51 secs
 
--> 


Total memory usage is 486052 kilobytes

Number of errors   :    0 (   0 filtered)
Number of warnings :  323 (   0 filtered)
Number of infos    :   26 (   0 filtered)

