--------------------------------------------------------------------------------
Release 10.1.03 Trace  (lin64)
Copyright (c) 1995-2008 Xilinx, Inc.  All rights reserved.

/afs/csail.mit.edu/proj/redsocs/Xilinx10.1/ISE/bin/lin64/unwrapped/trce -ise
/afs/athena.mit.edu/user/m/a/magson/Documents/6111/6111work/Labs/Lab3/Lab3.ise
-intstyle ise -v 3 -s 4 -xml lab3 lab3.ncd -o lab3.twr lab3.pcf

Design file:              lab3.ncd
Physical constraint file: lab3.pcf
Device,package,speed:     xc2v6000,bf957,-4 (PRODUCTION 1.121 2008-07-25, STEPPING level 0)
Report level:             verbose report

Environment Variable      Effect 
--------------------      ------ 
NONE                      No environment variables were set
--------------------------------------------------------------------------------

INFO:Timing:2698 - No timing constraints found, doing default enumeration.
INFO:Timing:2752 - To get complete path coverage, use the unconstrained paths 
   option. All paths that are not constrained will be reported in the 
   unconstrained paths section(s) of the report.
INFO:Timing:3339 - The clock-to-out numbers in this timing report are based on 
   a 50 Ohm transmission line loading model.  For the details of this model, 
   and for more information on accounting for different loading conditions, 
   please see the device datasheet.



Data Sheet report:
-----------------
All values displayed in nanoseconds (ns)

Setup/Hold to clock clock_27mhz
------------+------------+------------+------------------+--------+
            |  Setup to  |  Hold to   |                  | Clock  |
Source      | clk (edge) | clk (edge) |Internal Clock(s) | Phase  |
------------+------------+------------+------------------+--------+
button_down |   -1.278(R)|    3.010(R)|clock_65mhz       |   0.000|
button_enter|   -0.188(R)|    3.064(R)|clock_65mhz       |   0.000|
button_up   |    0.188(R)|    2.987(R)|clock_65mhz       |   0.000|
switch<0>   |    0.973(R)|    1.141(R)|clock_65mhz       |   0.000|
switch<1>   |    0.813(R)|    1.272(R)|clock_65mhz       |   0.000|
------------+------------+------------+------------------+--------+

Clock clock_27mhz to Pad
----------------+------------+------------------+--------+
                | clk (edge) |                  | Clock  |
Destination     |   to PAD   |Internal Clock(s) | Phase  |
----------------+------------+------------------+--------+
led<2>          |   14.806(R)|clock_65mhz       |   0.000|
led<3>          |   12.528(R)|clock_65mhz       |   0.000|
led<4>          |   12.583(R)|clock_65mhz       |   0.000|
vga_out_blank_b |   11.993(R)|clock_65mhz       |   0.000|
vga_out_blue<0> |   15.431(R)|clock_65mhz       |   0.000|
vga_out_blue<1> |   16.024(R)|clock_65mhz       |   0.000|
vga_out_blue<2> |   15.718(R)|clock_65mhz       |   0.000|
vga_out_blue<3> |   16.417(R)|clock_65mhz       |   0.000|
vga_out_blue<4> |   16.110(R)|clock_65mhz       |   0.000|
vga_out_blue<5> |   16.339(R)|clock_65mhz       |   0.000|
vga_out_blue<6> |   16.038(R)|clock_65mhz       |   0.000|
vga_out_blue<7> |   15.433(R)|clock_65mhz       |   0.000|
vga_out_green<0>|   14.109(R)|clock_65mhz       |   0.000|
vga_out_green<1>|   14.404(R)|clock_65mhz       |   0.000|
vga_out_green<2>|   14.463(R)|clock_65mhz       |   0.000|
vga_out_green<3>|   14.775(R)|clock_65mhz       |   0.000|
vga_out_green<4>|   14.756(R)|clock_65mhz       |   0.000|
vga_out_green<5>|   14.449(R)|clock_65mhz       |   0.000|
vga_out_green<6>|   14.706(R)|clock_65mhz       |   0.000|
vga_out_green<7>|   15.019(R)|clock_65mhz       |   0.000|
vga_out_hsync   |   12.274(R)|clock_65mhz       |   0.000|
vga_out_red<0>  |   16.223(R)|clock_65mhz       |   0.000|
vga_out_red<1>  |   16.261(R)|clock_65mhz       |   0.000|
vga_out_red<2>  |   16.560(R)|clock_65mhz       |   0.000|
vga_out_red<3>  |   15.972(R)|clock_65mhz       |   0.000|
vga_out_red<4>  |   16.276(R)|clock_65mhz       |   0.000|
vga_out_red<5>  |   15.542(R)|clock_65mhz       |   0.000|
vga_out_red<6>  |   15.846(R)|clock_65mhz       |   0.000|
vga_out_red<7>  |   15.848(R)|clock_65mhz       |   0.000|
vga_out_vsync   |   11.942(R)|clock_65mhz       |   0.000|
----------------+------------+------------------+--------+

Clock to Setup on destination clock clock_27mhz
---------------+---------+---------+---------+---------+
               | Src:Rise| Src:Fall| Src:Rise| Src:Fall|
Source Clock   |Dest:Rise|Dest:Rise|Dest:Fall|Dest:Fall|
---------------+---------+---------+---------+---------+
clock_27mhz    |    7.321|         |         |         |
---------------+---------+---------+---------+---------+

Pad to Pad
---------------+-------------------+---------+
Source Pad     |Destination Pad    |  Delay  |
---------------+-------------------+---------+
clock_27mhz    |vga_out_pixel_clock|   13.764|
switch<0>      |led<0>             |    5.541|
switch<1>      |led<1>             |    5.823|
---------------+-------------------+---------+


Analysis completed Tue Sep 25 13:30:16 2018 
--------------------------------------------------------------------------------

Trace Settings:
-------------------------
Trace Settings 

Peak Memory Usage: 331 MB



